// Jest Snapshot v1, https://goo.gl/fbAQLP

exports[`should render expense item with data 1`] = `
<Link
  className="list-item"
  to="/edit/2"
>
  <div>
    <h4
      className="list-item__title"
    >
      Rent
    </h4>
    <span
      className="list-item__subtitle"
    >
      December 27th, 1969
    </span>
  </div>
  <h4
    className="list-item__data"
  >
    $1,095.00
     
  </h4>
</Link>
`;
